// Jest Snapshot v1, https://goo.gl/fbAQLP

exports[`matches snapshot & renders correctly 1`] = `
<div>
  <div
    className="modal is-active"
  >
    <div
      className="modal-background"
      onClick={[Function]}
    />
    <div
      className="modal-card"
    >
      <header
        className="modal-card-head"
      >
        <p
          className="modal-card-title"
        >
          Make a Post
        </p>
        <button
          aria-label="close"
          className="delete"
          onClick={[Function]}
        />
      </header>
      <section
        className="modal-card-body"
      >
        <form>
          <div
            className="field"
          >
            <div
              className="control has-icons-left has-icons-right"
            >
              <textarea
                className="textarea"
                name="message"
                onChange={[Function]}
                onKeyUp={[Function]}
                required={true}
                type="text"
                value=""
              />
            </div>
          </div>
        </form>
      </section>
      <footer
        className="modal-card-foot"
      >
        <button
          className="button is-link"
          onClick={[Function]}
        >
          <span>
            Submit
          </span>
        </button>
        <button
          className="button"
          onClick={[Function]}
        >
          Cancel
        </button>
        <p
          className="help"
        >
          You can use CTRL + Enter or CMD + Enter to submit, too!
        </p>
      </footer>
    </div>
  </div>
</div>
`;
