// Jest Snapshot v1, https://goo.gl/fbAQLP

exports[`matches snapshot & renders correctly 1`] = `
<div
  className="card"
>
  <div
    className="card-header"
  >
    <div
      className="content"
    >
      <div
        className="media-content"
      >
        <p
          className="title is-5"
        >
          mohit
        </p>
      </div>
    </div>
  </div>
  <div
    className="card-content"
  >
    <div
      className="content"
    >
      <div
        className="is-size-5"
        data-testid="message"
      >
        hello i am there
      </div>
    </div>
  </div>
  <div
    className="card-footer"
  >
    <div
      className="card-footer-item"
    >
      <time
        className="is-size-6"
      >
        Last Saturday at 10:39 PM
      </time>
    </div>
  </div>
</div>
`;
